1763472873182|25|statement|connection 7738|url jdbc:mysql://localhost:3306/ecommerce?useSSL=false&allowPublicKeyRetrieval=true&serverTimezone=Asia/Seoul|     drop table if exists cart_items|     drop table if exists cart_items
1763472873200|16|statement|connection 7738|url jdbc:mysql://localhost:3306/ecommerce?useSSL=false&allowPublicKeyRetrieval=true&serverTimezone=Asia/Seoul|     drop table if exists coupons|     drop table if exists coupons
1763472873205|5|statement|connection 7738|url jdbc:mysql://localhost:3306/ecommerce?useSSL=false&allowPublicKeyRetrieval=true&serverTimezone=Asia/Seoul|     drop table if exists order_discounts|     drop table if exists order_discounts
1763472873211|5|statement|connection 7738|url jdbc:mysql://localhost:3306/ecommerce?useSSL=false&allowPublicKeyRetrieval=true&serverTimezone=Asia/Seoul|     drop table if exists order_items|     drop table if exists order_items
1763472873218|6|statement|connection 7738|url jdbc:mysql://localhost:3306/ecommerce?useSSL=false&allowPublicKeyRetrieval=true&serverTimezone=Asia/Seoul|     drop table if exists orders|     drop table if exists orders
1763472873220|2|statement|connection 7738|url jdbc:mysql://localhost:3306/ecommerce?useSSL=false&allowPublicKeyRetrieval=true&serverTimezone=Asia/Seoul|     drop table if exists point|     drop table if exists point
1763472873222|1|statement|connection 7738|url jdbc:mysql://localhost:3306/ecommerce?useSSL=false&allowPublicKeyRetrieval=true&serverTimezone=Asia/Seoul|     drop table if exists product|     drop table if exists product
1763472873225|2|statement|connection 7738|url jdbc:mysql://localhost:3306/ecommerce?useSSL=false&allowPublicKeyRetrieval=true&serverTimezone=Asia/Seoul|     drop table if exists user_coupons|     drop table if exists user_coupons
1763472873228|2|statement|connection 7738|url jdbc:mysql://localhost:3306/ecommerce?useSSL=false&allowPublicKeyRetrieval=true&serverTimezone=Asia/Seoul|     drop table if exists users|     drop table if exists users
1763473364029|47|statement|connection 8347|url jdbc:mysql://localhost:3306/ecommerce?useSSL=false&allowPublicKeyRetrieval=true&serverTimezone=Asia/Seoul|     drop table if exists cart_items|     drop table if exists cart_items
1763473364045|15|statement|connection 8347|url jdbc:mysql://localhost:3306/ecommerce?useSSL=false&allowPublicKeyRetrieval=true&serverTimezone=Asia/Seoul|     drop table if exists coupons|     drop table if exists coupons
1763473364049|3|statement|connection 8347|url jdbc:mysql://localhost:3306/ecommerce?useSSL=false&allowPublicKeyRetrieval=true&serverTimezone=Asia/Seoul|     drop table if exists order_discounts|     drop table if exists order_discounts
1763473364054|5|statement|connection 8347|url jdbc:mysql://localhost:3306/ecommerce?useSSL=false&allowPublicKeyRetrieval=true&serverTimezone=Asia/Seoul|     drop table if exists order_items|     drop table if exists order_items
1763473364060|5|statement|connection 8347|url jdbc:mysql://localhost:3306/ecommerce?useSSL=false&allowPublicKeyRetrieval=true&serverTimezone=Asia/Seoul|     drop table if exists orders|     drop table if exists orders
1763473364065|4|statement|connection 8347|url jdbc:mysql://localhost:3306/ecommerce?useSSL=false&allowPublicKeyRetrieval=true&serverTimezone=Asia/Seoul|     drop table if exists point|     drop table if exists point
1763473364069|3|statement|connection 8347|url jdbc:mysql://localhost:3306/ecommerce?useSSL=false&allowPublicKeyRetrieval=true&serverTimezone=Asia/Seoul|     drop table if exists product|     drop table if exists product
1763473364074|4|statement|connection 8347|url jdbc:mysql://localhost:3306/ecommerce?useSSL=false&allowPublicKeyRetrieval=true&serverTimezone=Asia/Seoul|     drop table if exists user_coupons|     drop table if exists user_coupons
1763473364078|4|statement|connection 8347|url jdbc:mysql://localhost:3306/ecommerce?useSSL=false&allowPublicKeyRetrieval=true&serverTimezone=Asia/Seoul|     drop table if exists users|     drop table if exists users
1763557659641|18|statement|connection 7752|url jdbc:mysql://localhost:3306/ecommerce?useSSL=false&allowPublicKeyRetrieval=true&serverTimezone=Asia/Seoul|     drop table if exists cart_items|     drop table if exists cart_items
1763557659655|13|statement|connection 7752|url jdbc:mysql://localhost:3306/ecommerce?useSSL=false&allowPublicKeyRetrieval=true&serverTimezone=Asia/Seoul|     drop table if exists coupons|     drop table if exists coupons
1763557659658|2|statement|connection 7752|url jdbc:mysql://localhost:3306/ecommerce?useSSL=false&allowPublicKeyRetrieval=true&serverTimezone=Asia/Seoul|     drop table if exists order_discounts|     drop table if exists order_discounts
1763557659664|5|statement|connection 7752|url jdbc:mysql://localhost:3306/ecommerce?useSSL=false&allowPublicKeyRetrieval=true&serverTimezone=Asia/Seoul|     drop table if exists order_items|     drop table if exists order_items
1763557659667|3|statement|connection 7752|url jdbc:mysql://localhost:3306/ecommerce?useSSL=false&allowPublicKeyRetrieval=true&serverTimezone=Asia/Seoul|     drop table if exists orders|     drop table if exists orders
1763557659669|1|statement|connection 7752|url jdbc:mysql://localhost:3306/ecommerce?useSSL=false&allowPublicKeyRetrieval=true&serverTimezone=Asia/Seoul|     drop table if exists point|     drop table if exists point
1763557659671|2|statement|connection 7752|url jdbc:mysql://localhost:3306/ecommerce?useSSL=false&allowPublicKeyRetrieval=true&serverTimezone=Asia/Seoul|     drop table if exists product|     drop table if exists product
1763557659674|2|statement|connection 7752|url jdbc:mysql://localhost:3306/ecommerce?useSSL=false&allowPublicKeyRetrieval=true&serverTimezone=Asia/Seoul|     drop table if exists user_coupons|     drop table if exists user_coupons
1763557659676|2|statement|connection 7752|url jdbc:mysql://localhost:3306/ecommerce?useSSL=false&allowPublicKeyRetrieval=true&serverTimezone=Asia/Seoul|     drop table if exists users|     drop table if exists users
1763558951133|15|statement|connection 7517|url jdbc:mysql://localhost:3306/ecommerce?useSSL=false&allowPublicKeyRetrieval=true&serverTimezone=Asia/Seoul|     drop table if exists cart_items|     drop table if exists cart_items
1763558951143|9|statement|connection 7517|url jdbc:mysql://localhost:3306/ecommerce?useSSL=false&allowPublicKeyRetrieval=true&serverTimezone=Asia/Seoul|     drop table if exists coupons|     drop table if exists coupons
1763558951148|4|statement|connection 7517|url jdbc:mysql://localhost:3306/ecommerce?useSSL=false&allowPublicKeyRetrieval=true&serverTimezone=Asia/Seoul|     drop table if exists order_discounts|     drop table if exists order_discounts
1763558951154|6|statement|connection 7517|url jdbc:mysql://localhost:3306/ecommerce?useSSL=false&allowPublicKeyRetrieval=true&serverTimezone=Asia/Seoul|     drop table if exists order_items|     drop table if exists order_items
1763558951164|9|statement|connection 7517|url jdbc:mysql://localhost:3306/ecommerce?useSSL=false&allowPublicKeyRetrieval=true&serverTimezone=Asia/Seoul|     drop table if exists orders|     drop table if exists orders
1763558951168|4|statement|connection 7517|url jdbc:mysql://localhost:3306/ecommerce?useSSL=false&allowPublicKeyRetrieval=true&serverTimezone=Asia/Seoul|     drop table if exists point|     drop table if exists point
1763558951172|3|statement|connection 7517|url jdbc:mysql://localhost:3306/ecommerce?useSSL=false&allowPublicKeyRetrieval=true&serverTimezone=Asia/Seoul|     drop table if exists product|     drop table if exists product
1763558951176|4|statement|connection 7517|url jdbc:mysql://localhost:3306/ecommerce?useSSL=false&allowPublicKeyRetrieval=true&serverTimezone=Asia/Seoul|     drop table if exists user_coupons|     drop table if exists user_coupons
1763558951182|3|statement|connection 7517|url jdbc:mysql://localhost:3306/ecommerce?useSSL=false&allowPublicKeyRetrieval=true&serverTimezone=Asia/Seoul|     drop table if exists users|     drop table if exists users
1763559342986|11|statement|connection 7598|url jdbc:mysql://localhost:3306/ecommerce?useSSL=false&allowPublicKeyRetrieval=true&serverTimezone=Asia/Seoul|     drop table if exists cart_items|     drop table if exists cart_items
1763559343006|19|statement|connection 7598|url jdbc:mysql://localhost:3306/ecommerce?useSSL=false&allowPublicKeyRetrieval=true&serverTimezone=Asia/Seoul|     drop table if exists coupons|     drop table if exists coupons
1763559343009|2|statement|connection 7598|url jdbc:mysql://localhost:3306/ecommerce?useSSL=false&allowPublicKeyRetrieval=true&serverTimezone=Asia/Seoul|     drop table if exists order_discounts|     drop table if exists order_discounts
1763559343013|3|statement|connection 7598|url jdbc:mysql://localhost:3306/ecommerce?useSSL=false&allowPublicKeyRetrieval=true&serverTimezone=Asia/Seoul|     drop table if exists order_items|     drop table if exists order_items
1763559343016|3|statement|connection 7598|url jdbc:mysql://localhost:3306/ecommerce?useSSL=false&allowPublicKeyRetrieval=true&serverTimezone=Asia/Seoul|     drop table if exists orders|     drop table if exists orders
1763559343021|4|statement|connection 7598|url jdbc:mysql://localhost:3306/ecommerce?useSSL=false&allowPublicKeyRetrieval=true&serverTimezone=Asia/Seoul|     drop table if exists point|     drop table if exists point
1763559343027|6|statement|connection 7598|url jdbc:mysql://localhost:3306/ecommerce?useSSL=false&allowPublicKeyRetrieval=true&serverTimezone=Asia/Seoul|     drop table if exists product|     drop table if exists product
1763559343030|3|statement|connection 7598|url jdbc:mysql://localhost:3306/ecommerce?useSSL=false&allowPublicKeyRetrieval=true&serverTimezone=Asia/Seoul|     drop table if exists user_coupons|     drop table if exists user_coupons
1763559343033|2|statement|connection 7598|url jdbc:mysql://localhost:3306/ecommerce?useSSL=false&allowPublicKeyRetrieval=true&serverTimezone=Asia/Seoul|     drop table if exists users|     drop table if exists users
1763561505975|17|statement|connection 8121|url jdbc:mysql://localhost:3306/ecommerce?useSSL=false&allowPublicKeyRetrieval=true&serverTimezone=Asia/Seoul|     drop table if exists cart_items|     drop table if exists cart_items
1763561505988|11|statement|connection 8121|url jdbc:mysql://localhost:3306/ecommerce?useSSL=false&allowPublicKeyRetrieval=true&serverTimezone=Asia/Seoul|     drop table if exists coupons|     drop table if exists coupons
1763561505992|4|statement|connection 8121|url jdbc:mysql://localhost:3306/ecommerce?useSSL=false&allowPublicKeyRetrieval=true&serverTimezone=Asia/Seoul|     drop table if exists order_discounts|     drop table if exists order_discounts
1763561505999|6|statement|connection 8121|url jdbc:mysql://localhost:3306/ecommerce?useSSL=false&allowPublicKeyRetrieval=true&serverTimezone=Asia/Seoul|     drop table if exists order_items|     drop table if exists order_items
1763561506002|3|statement|connection 8121|url jdbc:mysql://localhost:3306/ecommerce?useSSL=false&allowPublicKeyRetrieval=true&serverTimezone=Asia/Seoul|     drop table if exists orders|     drop table if exists orders
1763561506005|2|statement|connection 8121|url jdbc:mysql://localhost:3306/ecommerce?useSSL=false&allowPublicKeyRetrieval=true&serverTimezone=Asia/Seoul|     drop table if exists point|     drop table if exists point
1763561506007|2|statement|connection 8121|url jdbc:mysql://localhost:3306/ecommerce?useSSL=false&allowPublicKeyRetrieval=true&serverTimezone=Asia/Seoul|     drop table if exists product|     drop table if exists product
1763561506010|2|statement|connection 8121|url jdbc:mysql://localhost:3306/ecommerce?useSSL=false&allowPublicKeyRetrieval=true&serverTimezone=Asia/Seoul|     drop table if exists user_coupons|     drop table if exists user_coupons
1763561506012|2|statement|connection 8121|url jdbc:mysql://localhost:3306/ecommerce?useSSL=false&allowPublicKeyRetrieval=true&serverTimezone=Asia/Seoul|     drop table if exists users|     drop table if exists users
