Starting a Gradle Daemon (subsequent builds will be faster)
> Task :checkKotlinGradlePluginConfigurationErrors SKIPPED
> Task :compileKotlin NO-SOURCE
> Task :compileJava
> Task :processResources UP-TO-DATE
> Task :classes
> Task :jar
> Task :compileTestKotlin NO-SOURCE

> Task :compileTestJava FAILED
/Users/seulki/Documents/seul/programming/toy/ecommerce/src/test/java/com/hhplus/be/order/usecase/ProcessPaymentUseCaseTest.java:54: error: incompatible types: ProductService cannot be converted to ProductStockService
                productService,
                ^
/Users/seulki/Documents/seul/programming/toy/ecommerce/src/test/java/com/hhplus/be/order/usecase/ProcessPaymentUseCaseTest.java:111: error: cannot find symbol
        verify(productService).decreaseStocks(items);
                              ^
  symbol:   method decreaseStocks(List<OrderItem>)
  location: class ProductService
/Users/seulki/Documents/seul/programming/toy/ecommerce/src/test/java/com/hhplus/be/order/usecase/ProcessPaymentUseCaseTest.java:249: error: cannot find symbol
        verify(productService).decreaseStocks(items);
                              ^
  symbol:   method decreaseStocks(List<OrderItem>)
  location: class ProductService
/Users/seulki/Documents/seul/programming/toy/ecommerce/src/test/java/com/hhplus/be/order/usecase/ProcessPaymentUseCaseTest.java:276: error: cannot find symbol
                .when(productService).decreaseStocks(items);
                                     ^
  symbol:   method decreaseStocks(List<OrderItem>)
  location: class ProductService
/Users/seulki/Documents/seul/programming/toy/ecommerce/src/test/java/com/hhplus/be/order/usecase/ProcessPaymentUseCaseTest.java:283: error: cannot find symbol
        verify(productService).decreaseStocks(items);
                              ^
  symbol:   method decreaseStocks(List<OrderItem>)
  location: class ProductService
/Users/seulki/Documents/seul/programming/toy/ecommerce/src/test/java/com/hhplus/be/product/service/ProductServiceIntegrationTest.java:359: error: cannot find symbol
                    productService.decreaseStocks(List.of(
                                  ^
  symbol:   method decreaseStocks(List<OrderItem>)
  location: variable productService of type ProductService
/Users/seulki/Documents/seul/programming/toy/ecommerce/src/test/java/com/hhplus/be/product/service/ProductServiceIntegrationTest.java:411: error: cannot find symbol
                    productService.decreaseStocks(orderItems1);
                                  ^
  symbol:   method decreaseStocks(List<OrderItem>)
  location: variable productService of type ProductService
/Users/seulki/Documents/seul/programming/toy/ecommerce/src/test/java/com/hhplus/be/product/service/ProductServiceIntegrationTest.java:419: error: cannot find symbol
                    productService.decreaseStocks(orderItems2);
                                  ^
  symbol:   method decreaseStocks(List<OrderItem>)
  location: variable productService of type ProductService
Note: Some messages have been simplified; recompile with -Xdiags:verbose to get full output
8 errors

[Incubating] Problems report is available at: file:///Users/seulki/Documents/seul/programming/toy/ecommerce/build/reports/problems/problems-report.html

FAILURE: Build failed with an exception.

* What went wrong:
Execution failed for task ':compileTestJava'.
> Compilation failed; see the compiler output below.
  /Users/seulki/Documents/seul/programming/toy/ecommerce/src/test/java/com/hhplus/be/order/usecase/ProcessPaymentUseCaseTest.java:54: error: incompatible types: ProductService cannot be converted to ProductStockService
                  productService,
                  ^
  8 errors

* Try:
> Check your code and dependencies to fix the compilation error(s)
> Run with --scan to get full insights.

BUILD FAILED in 10s
4 actionable tasks: 3 executed, 1 up-to-date
